---
source: tests/integration_tests.rs
expression: res
---
"contig,pos,ref,alt,gt\nchr9,1,A,C,0\nchr9,2,G,T,0\nchr9,3,A,C,0\nchr9,4,G,T,0\nchr9,5,A,C,0\nchr9,6,G,T,0\nchr9,7,A,C,0\nchr9,8,G,T,0\nchr9,9,A,C,0\nchr9,10,G,T,0\nchr9,11,A,C,0\nchr9,12,G,T,0\nchr9,13,A,C,0\nchr9,14,G,T,0\nchr9,15,A,C,0\nchr9,16,G,T,0\nchr9,17,A,C,0\nchr9,18,G,T,0\nchr9,19,A,C,0\nchr9,20,G,T,0\nchr9,21,A,C,0\nchr9,22,G,T,0\nchr9,23,A,C,0\nchr9,24,G,T,0\nchr9,25,A,C,0\nchr9,26,G,T,0\nchr9,27,A,C,0\nchr9,28,G,T,0\nchr9,29,A,C,0\nchr9,30,G,T,0\nchr9,31,A,C,0\nchr9,32,G,T,1\nchr9,33,A,C,0\nchr9,34,G,T,0\nchr9,35,A,C,0\nchr9,36,G,T,0\nchr9,37,A,C,0\nchr9,38,G,T,0\nchr9,39,A,C,0\nchr9,40,G,T,0\nchr9,41,A,C,0\nchr9,42,G,T,0\nchr9,43,A,C,0\nchr9,44,G,T,0\nchr9,45,A,C,0\nchr9,46,G,T,0\nchr9,47,A,C,0\nchr9,48,G,T,0\nchr9,49,A,C,0\nchr9,50,G,T,0\nchr9,51,A,C,0\nchr9,52,G,T,0\nchr9,53,A,C,0\nchr9,54,G,T,0\nchr9,55,A,C,0\nchr9,56,G,T,0\nchr9,57,A,C,0\nchr9,58,G,T,0\nchr9,59,A,C,0\nchr9,60,G,T,0\nchr9,61,A,C,0\nchr9,62,G,T,0\nchr9,63,A,C,0\n"

